Archive member included because of file (symbol)

c:/users/memo1/onedrive/desktop/imt_sdk_win_64/winavr/bin/../lib/gcc/avr/4.3.3/avr5\libgcc.a(_mulsi3.o)
                              ./PWM.o (__mulsi3)
c:/users/memo1/onedrive/desktop/imt_sdk_win_64/winavr/bin/../lib/gcc/avr/4.3.3/avr5\libgcc.a(_udivmodsi4.o)
                              ./PWM.o (__udivmodsi4)
c:/users/memo1/onedrive/desktop/imt_sdk_win_64/winavr/bin/../lib/gcc/avr/4.3.3/avr5\libgcc.a(_exit.o)
                              c:/users/memo1/onedrive/desktop/imt_sdk_win_64/winavr/bin/../lib/gcc/avr/4.3.3/../../../../avr/lib/avr5/crtm32.o (exit)
c:/users/memo1/onedrive/desktop/imt_sdk_win_64/winavr/bin/../lib/gcc/avr/4.3.3/avr5\libgcc.a(_copy_data.o)
                              ./ICU.o (__do_copy_data)
c:/users/memo1/onedrive/desktop/imt_sdk_win_64/winavr/bin/../lib/gcc/avr/4.3.3/avr5\libgcc.a(_clear_bss.o)
                              ./ExternalInterrupt.o (__do_clear_bss)

Allocating common symbols
Common symbol       size              file

MOTOR_init          0x3               ./motor.o

Memory Configuration

Name             Origin             Length             Attributes
text             0x00000000         0x00020000         xr
data             0x00800060         0x0000ffa0         rw !x
eeprom           0x00810000         0x00010000         rw !x
fuse             0x00820000         0x00000400         rw !x
lock             0x00830000         0x00000400         rw !x
signature        0x00840000         0x00000400         rw !x
*default*        0x00000000         0xffffffff

Linker script and memory map

LOAD c:/users/memo1/onedrive/desktop/imt_sdk_win_64/winavr/bin/../lib/gcc/avr/4.3.3/../../../../avr/lib/avr5/crtm32.o
LOAD ./Dio1.o
LOAD ./ExternalInterrupt.o
LOAD ./ICU.o
LOAD ./PWM.o
LOAD ./Steering.o
LOAD ./Us.o
LOAD ./main.o
LOAD ./motor.o
LOAD ./softwareDelay.o
LOAD ./timer.o
LOAD c:/users/memo1/onedrive/desktop/imt_sdk_win_64/winavr/bin/../lib/gcc/avr/4.3.3/avr5\libgcc.a
LOAD c:/users/memo1/onedrive/desktop/imt_sdk_win_64/winavr/bin/../lib/gcc/avr/4.3.3/../../../../avr/lib/avr5\libc.a
LOAD c:/users/memo1/onedrive/desktop/imt_sdk_win_64/winavr/bin/../lib/gcc/avr/4.3.3/avr5\libgcc.a

.hash
 *(.hash)

.dynsym
 *(.dynsym)

.dynstr
 *(.dynstr)

.gnu.version
 *(.gnu.version)

.gnu.version_d
 *(.gnu.version_d)

.gnu.version_r
 *(.gnu.version_r)

.rel.init
 *(.rel.init)

.rela.init
 *(.rela.init)

.rel.text
 *(.rel.text)
 *(.rel.text.*)
 *(.rel.gnu.linkonce.t*)

.rela.text
 *(.rela.text)
 *(.rela.text.*)
 *(.rela.gnu.linkonce.t*)

.rel.fini
 *(.rel.fini)

.rela.fini
 *(.rela.fini)

.rel.rodata
 *(.rel.rodata)
 *(.rel.rodata.*)
 *(.rel.gnu.linkonce.r*)

.rela.rodata
 *(.rela.rodata)
 *(.rela.rodata.*)
 *(.rela.gnu.linkonce.r*)

.rel.data
 *(.rel.data)
 *(.rel.data.*)
 *(.rel.gnu.linkonce.d*)

.rela.data
 *(.rela.data)
 *(.rela.data.*)
 *(.rela.gnu.linkonce.d*)

.rel.ctors
 *(.rel.ctors)

.rela.ctors
 *(.rela.ctors)

.rel.dtors
 *(.rel.dtors)

.rela.dtors
 *(.rela.dtors)

.rel.got
 *(.rel.got)

.rela.got
 *(.rela.got)

.rel.bss
 *(.rel.bss)

.rela.bss
 *(.rela.bss)

.rel.plt
 *(.rel.plt)

.rela.plt
 *(.rela.plt)

.text           0x00000000     0x2006
 *(.vectors)
 .vectors       0x00000000       0x54 c:/users/memo1/onedrive/desktop/imt_sdk_win_64/winavr/bin/../lib/gcc/avr/4.3.3/../../../../avr/lib/avr5/crtm32.o
                0x00000000                __vectors
                0x00000000                __vector_default
 *(.vectors)
 *(.progmem.gcc*)
 *(.progmem*)
                0x00000054                . = ALIGN (0x2)
                0x00000054                __trampolines_start = .
 *(.trampolines)
 .trampolines   0x00000054        0x0 linker stubs
 *(.trampolines*)
                0x00000054                __trampolines_end = .
 *(.jumptables)
 *(.jumptables*)
 *(.lowtext)
 *(.lowtext*)
                0x00000054                __ctors_start = .
 *(.ctors)
                0x00000054                __ctors_end = .
                0x00000054                __dtors_start = .
 *(.dtors)
                0x00000054                __dtors_end = .
 SORT(*)(.ctors)
 SORT(*)(.dtors)
 *(.init0)
 .init0         0x00000054        0x0 c:/users/memo1/onedrive/desktop/imt_sdk_win_64/winavr/bin/../lib/gcc/avr/4.3.3/../../../../avr/lib/avr5/crtm32.o
                0x00000054                __init
 *(.init0)
 *(.init1)
 *(.init1)
 *(.init2)
 .init2         0x00000054        0xc c:/users/memo1/onedrive/desktop/imt_sdk_win_64/winavr/bin/../lib/gcc/avr/4.3.3/../../../../avr/lib/avr5/crtm32.o
 *(.init2)
 *(.init3)
 *(.init3)
 *(.init4)
 .init4         0x00000060       0x16 c:/users/memo1/onedrive/desktop/imt_sdk_win_64/winavr/bin/../lib/gcc/avr/4.3.3/avr5\libgcc.a(_copy_data.o)
                0x00000060                __do_copy_data
 .init4         0x00000076       0x10 c:/users/memo1/onedrive/desktop/imt_sdk_win_64/winavr/bin/../lib/gcc/avr/4.3.3/avr5\libgcc.a(_clear_bss.o)
                0x00000076                __do_clear_bss
 *(.init4)
 *(.init5)
 *(.init5)
 *(.init6)
 *(.init6)
 *(.init7)
 *(.init7)
 *(.init8)
 *(.init8)
 *(.init9)
 .init9         0x00000086        0x8 c:/users/memo1/onedrive/desktop/imt_sdk_win_64/winavr/bin/../lib/gcc/avr/4.3.3/../../../../avr/lib/avr5/crtm32.o
 *(.init9)
 *(.text)
 .text          0x0000008e        0x4 c:/users/memo1/onedrive/desktop/imt_sdk_win_64/winavr/bin/../lib/gcc/avr/4.3.3/../../../../avr/lib/avr5/crtm32.o
                0x0000008e                __vector_12
                0x0000008e                __bad_interrupt
                0x0000008e                __vector_6
                0x0000008e                __vector_13
                0x0000008e                __vector_17
                0x0000008e                __vector_19
                0x0000008e                __vector_7
                0x0000008e                __vector_4
                0x0000008e                __vector_15
                0x0000008e                __vector_8
                0x0000008e                __vector_14
                0x0000008e                __vector_10
                0x0000008e                __vector_16
                0x0000008e                __vector_18
                0x0000008e                __vector_20
 .text          0x00000092        0x0 ./Dio1.o
 .text          0x00000092        0x0 ./ExternalInterrupt.o
 .text          0x00000092        0x0 ./ICU.o
 .text          0x00000092        0x0 ./PWM.o
 .text          0x00000092        0x0 ./Steering.o
 .text          0x00000092        0x0 ./Us.o
 .text          0x00000092        0x0 ./main.o
 .text          0x00000092        0x0 ./motor.o
 .text          0x00000092        0x0 ./softwareDelay.o
 .text          0x00000092        0x0 ./timer.o
 .text          0x00000092        0x0 c:/users/memo1/onedrive/desktop/imt_sdk_win_64/winavr/bin/../lib/gcc/avr/4.3.3/avr5\libgcc.a(_mulsi3.o)
 .text          0x00000092        0x0 c:/users/memo1/onedrive/desktop/imt_sdk_win_64/winavr/bin/../lib/gcc/avr/4.3.3/avr5\libgcc.a(_udivmodsi4.o)
 .text          0x00000092        0x0 c:/users/memo1/onedrive/desktop/imt_sdk_win_64/winavr/bin/../lib/gcc/avr/4.3.3/avr5\libgcc.a(_exit.o)
 .text          0x00000092        0x0 c:/users/memo1/onedrive/desktop/imt_sdk_win_64/winavr/bin/../lib/gcc/avr/4.3.3/avr5\libgcc.a(_copy_data.o)
 .text          0x00000092        0x0 c:/users/memo1/onedrive/desktop/imt_sdk_win_64/winavr/bin/../lib/gcc/avr/4.3.3/avr5\libgcc.a(_clear_bss.o)
                0x00000092                . = ALIGN (0x2)
 *(.text.*)
 .text.DIO_init
                0x00000092      0x196 ./Dio1.o
                0x00000092                DIO_init
 .text.DIO_Write
                0x00000228      0x168 ./Dio1.o
                0x00000228                DIO_Write
 .text.DIO_Read
                0x00000390       0xbe ./Dio1.o
                0x00000390                DIO_Read
 .text.DIO_Toggle
                0x0000044e       0xa4 ./Dio1.o
                0x0000044e                DIO_Toggle
 .text.ExternInt_Init
                0x000004f2       0xd6 ./ExternalInterrupt.o
                0x000004f2                ExternInt_Init
 .text.ExternInt_SetEvent
                0x000005c8       0x9a ./ExternalInterrupt.o
                0x000005c8                ExternInt_SetEvent
 .text.ExternInt_GetStatus
                0x00000662       0x7e ./ExternalInterrupt.o
                0x00000662                ExternInt_GetStatus
 .text.ExternInt_Enable
                0x000006e0       0x62 ./ExternalInterrupt.o
                0x000006e0                ExternInt_Enable
 .text.ExternInt_Disable
                0x00000742       0x62 ./ExternalInterrupt.o
                0x00000742                ExternInt_Disable
 .text.__vector_1
                0x000007a4       0x66 ./ExternalInterrupt.o
                0x000007a4                __vector_1
 .text.__vector_2
                0x0000080a       0x66 ./ExternalInterrupt.o
                0x0000080a                __vector_2
 .text.__vector_3
                0x00000870       0x66 ./ExternalInterrupt.o
                0x00000870                __vector_3
 .text.Icu_TimerOverFlows_Callback_Func
                0x000008d6       0x18 ./ICU.o
                0x000008d6                Icu_TimerOverFlows_Callback_Func
 .text.Icu_EdgeToEdge_Callback_Func
                0x000008ee       0x74 ./ICU.o
                0x000008ee                Icu_EdgeToEdge_Callback_Func
 .text.Icu_Init
                0x00000962       0x72 ./ICU.o
                0x00000962                Icu_Init
 .text.Icu_ReadTime
                0x000009d4       0x4a ./ICU.o
                0x000009d4                Icu_ReadTime
 .text.Pwm_Init
                0x00000a1e      0x218 ./PWM.o
                0x00000a1e                Pwm_Init
 .text.Pwm_Start
                0x00000c36      0x304 ./PWM.o
                0x00000c36                Pwm_Start
 .text.Pwm_Update
                0x00000f3a      0x2e2 ./PWM.o
                0x00000f3a                Pwm_Update
 .text.Pwm_Stop
                0x0000121c       0x1c ./PWM.o
                0x0000121c                Pwm_Stop
 .text.Steering_Init
                0x00001238       0x1c ./Steering.o
                0x00001238                Steering_Init
 .text.Steering_SteerCar
                0x00001254       0x3a ./Steering.o
                0x00001254                Steering_SteerCar
 .text.Us_Init  0x0000128e       0x40 ./Us.o
                0x0000128e                Us_Init
 .text.Us_Trigger
                0x000012ce       0x40 ./Us.o
                0x000012ce                Us_Trigger
 .text.Us_GetDistance
                0x0000130e       0x66 ./Us.o
                0x0000130e                Us_GetDistance
 .text.set      0x00001374       0x1e ./main.o
                0x00001374                set
 .text.main     0x00001392       0x3c ./main.o
                0x00001392                main
 .text.Motor_Init
                0x000013ce       0xa0 ./motor.o
                0x000013ce                Motor_Init
 .text.Motor_Direction
                0x0000146e       0xf8 ./motor.o
                0x0000146e                Motor_Direction
 .text.Motor_Start
                0x00001566       0x70 ./motor.o
                0x00001566                Motor_Start
 .text.Motor_SpeedUpdate
                0x000015d6       0x70 ./motor.o
                0x000015d6                Motor_SpeedUpdate
 .text.Motor_Stop
                0x00001646       0x72 ./motor.o
                0x00001646                Motor_Stop
 .text.Motor_GetStatus
                0x000016b8       0x62 ./motor.o
                0x000016b8                Motor_GetStatus
 .text.SwDelay_ms
                0x0000171a       0x7c ./softwareDelay.o
                0x0000171a                SwDelay_ms
 .text.Timer_Init
                0x00001796      0x3cc ./timer.o
                0x00001796                Timer_Init
 .text.Timer_Start
                0x00001b62       0xcc ./timer.o
                0x00001b62                Timer_Start
 .text.Timer_Stop
                0x00001c2e       0xcc ./timer.o
                0x00001c2e                Timer_Stop
 .text.Timer_GetStatus
                0x00001cfa       0xc4 ./timer.o
                0x00001cfa                Timer_GetStatus
 .text.Timer_GetValue
                0x00001dbe       0x90 ./timer.o
                0x00001dbe                Timer_GetValue
 .text.__vector_11
                0x00001e4e       0x66 ./timer.o
                0x00001e4e                __vector_11
 .text.__vector_9
                0x00001eb4       0x66 ./timer.o
                0x00001eb4                __vector_9
 .text.__vector_5
                0x00001f1a       0x66 ./timer.o
                0x00001f1a                __vector_5
 .text.libgcc   0x00001f80       0x3e c:/users/memo1/onedrive/desktop/imt_sdk_win_64/winavr/bin/../lib/gcc/avr/4.3.3/avr5\libgcc.a(_mulsi3.o)
                0x00001f80                __mulsi3
 .text.libgcc   0x00001fbe       0x44 c:/users/memo1/onedrive/desktop/imt_sdk_win_64/winavr/bin/../lib/gcc/avr/4.3.3/avr5\libgcc.a(_udivmodsi4.o)
                0x00001fbe                __udivmodsi4
 .text.libgcc   0x00002002        0x0 c:/users/memo1/onedrive/desktop/imt_sdk_win_64/winavr/bin/../lib/gcc/avr/4.3.3/avr5\libgcc.a(_exit.o)
 .text.libgcc   0x00002002        0x0 c:/users/memo1/onedrive/desktop/imt_sdk_win_64/winavr/bin/../lib/gcc/avr/4.3.3/avr5\libgcc.a(_copy_data.o)
 .text.libgcc   0x00002002        0x0 c:/users/memo1/onedrive/desktop/imt_sdk_win_64/winavr/bin/../lib/gcc/avr/4.3.3/avr5\libgcc.a(_clear_bss.o)
                0x00002002                . = ALIGN (0x2)
 *(.fini9)
 .fini9         0x00002002        0x0 c:/users/memo1/onedrive/desktop/imt_sdk_win_64/winavr/bin/../lib/gcc/avr/4.3.3/avr5\libgcc.a(_exit.o)
                0x00002002                exit
                0x00002002                _exit
 *(.fini9)
 *(.fini8)
 *(.fini8)
 *(.fini7)
 *(.fini7)
 *(.fini6)
 *(.fini6)
 *(.fini5)
 *(.fini5)
 *(.fini4)
 *(.fini4)
 *(.fini3)
 *(.fini3)
 *(.fini2)
 *(.fini2)
 *(.fini1)
 *(.fini1)
 *(.fini0)
 .fini0         0x00002002        0x4 c:/users/memo1/onedrive/desktop/imt_sdk_win_64/winavr/bin/../lib/gcc/avr/4.3.3/avr5\libgcc.a(_exit.o)
 *(.fini0)
                0x00002006                _etext = .

.data           0x00800060        0x2 load address 0x00002006
                0x00800060                PROVIDE (__data_start, .)
 *(.data)
 .data          0x00800060        0x0 c:/users/memo1/onedrive/desktop/imt_sdk_win_64/winavr/bin/../lib/gcc/avr/4.3.3/../../../../avr/lib/avr5/crtm32.o
 .data          0x00800060        0x0 ./Dio1.o
 .data          0x00800060        0x0 ./ExternalInterrupt.o
 .data          0x00800060        0x0 ./ICU.o
 .data          0x00800060        0x0 ./PWM.o
 .data          0x00800060        0x0 ./Steering.o
 .data          0x00800060        0x0 ./Us.o
 .data          0x00800060        0x0 ./main.o
 .data          0x00800060        0x0 ./motor.o
 .data          0x00800060        0x0 ./softwareDelay.o
 .data          0x00800060        0x0 ./timer.o
 .data          0x00800060        0x0 c:/users/memo1/onedrive/desktop/imt_sdk_win_64/winavr/bin/../lib/gcc/avr/4.3.3/avr5\libgcc.a(_mulsi3.o)
 .data          0x00800060        0x0 c:/users/memo1/onedrive/desktop/imt_sdk_win_64/winavr/bin/../lib/gcc/avr/4.3.3/avr5\libgcc.a(_udivmodsi4.o)
 .data          0x00800060        0x0 c:/users/memo1/onedrive/desktop/imt_sdk_win_64/winavr/bin/../lib/gcc/avr/4.3.3/avr5\libgcc.a(_exit.o)
 .data          0x00800060        0x0 c:/users/memo1/onedrive/desktop/imt_sdk_win_64/winavr/bin/../lib/gcc/avr/4.3.3/avr5\libgcc.a(_copy_data.o)
 .data          0x00800060        0x0 c:/users/memo1/onedrive/desktop/imt_sdk_win_64/winavr/bin/../lib/gcc/avr/4.3.3/avr5\libgcc.a(_clear_bss.o)
 *(.data*)
 .data.gEdge_Flag
                0x00800060        0x1 ./ICU.o
 *(.rodata)
 *(.rodata*)
 *(.gnu.linkonce.d*)
                0x00800062                . = ALIGN (0x2)
 *fill*         0x00800061        0x1 00
                0x00800062                _edata = .
                0x00800062                PROVIDE (__data_end, .)

.bss            0x00800062       0x38
                0x00800062                PROVIDE (__bss_start, .)
 *(.bss)
 .bss           0x00800062        0x0 c:/users/memo1/onedrive/desktop/imt_sdk_win_64/winavr/bin/../lib/gcc/avr/4.3.3/../../../../avr/lib/avr5/crtm32.o
 .bss           0x00800062        0x0 ./Dio1.o
 .bss           0x00800062        0x0 ./ExternalInterrupt.o
 .bss           0x00800062        0x0 ./ICU.o
 .bss           0x00800062        0x0 ./PWM.o
 .bss           0x00800062        0x0 ./Steering.o
 .bss           0x00800062        0x0 ./Us.o
 .bss           0x00800062        0x0 ./main.o
 .bss           0x00800062        0x0 ./motor.o
 .bss           0x00800062        0x0 ./softwareDelay.o
 .bss           0x00800062        0x0 ./timer.o
 .bss           0x00800062        0x0 c:/users/memo1/onedrive/desktop/imt_sdk_win_64/winavr/bin/../lib/gcc/avr/4.3.3/avr5\libgcc.a(_mulsi3.o)
 .bss           0x00800062        0x0 c:/users/memo1/onedrive/desktop/imt_sdk_win_64/winavr/bin/../lib/gcc/avr/4.3.3/avr5\libgcc.a(_udivmodsi4.o)
 .bss           0x00800062        0x0 c:/users/memo1/onedrive/desktop/imt_sdk_win_64/winavr/bin/../lib/gcc/avr/4.3.3/avr5\libgcc.a(_exit.o)
 .bss           0x00800062        0x0 c:/users/memo1/onedrive/desktop/imt_sdk_win_64/winavr/bin/../lib/gcc/avr/4.3.3/avr5\libgcc.a(_copy_data.o)
 .bss           0x00800062        0x0 c:/users/memo1/onedrive/desktop/imt_sdk_win_64/winavr/bin/../lib/gcc/avr/4.3.3/avr5\libgcc.a(_clear_bss.o)
 *(.bss*)
 .bss.ExtInt_CBK_Ptr
                0x00800062        0x6 ./ExternalInterrupt.o
 .bss.gOVF_Counts
                0x00800068        0x1 ./ICU.o
 .bss.gTimer_Counts
                0x00800069        0x2 ./ICU.o
 .bss.Ready_To_Send_Flag
                0x0080006b        0x1 ./ICU.o
 .bss.gu8_PWM1_PreScaller
                0x0080006c        0x1 ./PWM.o
 .bss.gu8_PWM1_PreScaller_Value
                0x0080006d        0x4 ./PWM.o
 .bss.gu8_PWM1_CH1A_DutyCycle
                0x00800071        0x4 ./PWM.o
 .bss.gu8_PWM1_CH1B_DutyCycle
                0x00800075        0x4 ./PWM.o
 .bss.gu8_PWM1_CH1A_Frequency
                0x00800079        0x4 ./PWM.o
 .bss.gu8_PWM1_CH1B_Frequency
                0x0080007d        0x4 ./PWM.o
 .bss.gu8_PWM1_CHAB_DutyCycle
                0x00800081        0x4 ./PWM.o
 .bss.gu8_PWM1_CHAB_Frequency
                0x00800085        0x4 ./PWM.o
 .bss.gu8_MOTOR1_CheckFor_Init
                0x00800089        0x1 ./motor.o
 .bss.gu8_MOTOR2_CheckFor_Init
                0x0080008a        0x1 ./motor.o
 .bss.gu8_Timer0_PreScaller
                0x0080008b        0x1 ./timer.o
 .bss.gu8_Timer1_PreScaller
                0x0080008c        0x1 ./timer.o
 .bss.gu8_Timer2_PreScaller
                0x0080008d        0x1 ./timer.o
 .bss.gu8_Timer0_started
                0x0080008e        0x1 ./timer.o
 .bss.gu8_Timer1_started
                0x0080008f        0x1 ./timer.o
 .bss.gu8_Timer2_started
                0x00800090        0x1 ./timer.o
 .bss.ExtTimer_CBK_Ptr
                0x00800091        0x6 ./timer.o
 *(COMMON)
 COMMON         0x00800097        0x3 ./motor.o
                0x00800097                MOTOR_init
                0x0080009a                PROVIDE (__bss_end, .)
                0x00002006                __data_load_start = LOADADDR (.data)
                0x00002008                __data_load_end = (__data_load_start + SIZEOF (.data))

.noinit         0x0080009a        0x0
                0x0080009a                PROVIDE (__noinit_start, .)
 *(.noinit*)
                0x0080009a                PROVIDE (__noinit_end, .)
                0x0080009a                _end = .
                0x0080009a                PROVIDE (__heap_start, .)

.eeprom         0x00810000        0x0
 *(.eeprom*)
                0x00810000                __eeprom_end = .

.fuse
 *(.fuse)
 *(.lfuse)
 *(.hfuse)
 *(.efuse)

.lock
 *(.lock*)

.signature
 *(.signature*)

.stab           0x00000000     0x27c0
 *(.stab)
 .stab          0x00000000      0x4bc ./Dio1.o
 .stab          0x000004bc      0x4f8 ./ExternalInterrupt.o
                                0x5a0 (size before relaxing)
 .stab          0x000009b4      0x3e4 ./ICU.o
                                0x48c (size before relaxing)
 .stab          0x00000d98      0x570 ./PWM.o
                                0x618 (size before relaxing)
 .stab          0x00001308      0x1e0 ./Steering.o
                                0x2f4 (size before relaxing)
 .stab          0x000014e8      0x2b8 ./Us.o
                                0x3cc (size before relaxing)
 .stab          0x000017a0      0x1c8 ./main.o
                                0x2dc (size before relaxing)
 .stab          0x00001968      0x594 ./motor.o
                                0x660 (size before relaxing)
 .stab          0x00001efc      0x15c ./softwareDelay.o
                                0x204 (size before relaxing)
 .stab          0x00002058      0x768 ./timer.o
                                0x834 (size before relaxing)

.stabstr        0x00000000     0x1023
 *(.stabstr)
 .stabstr       0x00000000     0x1023 ./Dio1.o

.stab.excl
 *(.stab.excl)

.stab.exclstr
 *(.stab.exclstr)

.stab.index
 *(.stab.index)

.stab.indexstr
 *(.stab.indexstr)

.comment
 *(.comment)

.debug
 *(.debug)

.line
 *(.line)

.debug_srcinfo
 *(.debug_srcinfo)

.debug_sfnames
 *(.debug_sfnames)

.debug_aranges
 *(.debug_aranges)

.debug_pubnames
 *(.debug_pubnames)

.debug_info
 *(.debug_info)
 *(.gnu.linkonce.wi.*)

.debug_abbrev
 *(.debug_abbrev)

.debug_line
 *(.debug_line)

.debug_frame
 *(.debug_frame)

.debug_str
 *(.debug_str)

.debug_loc
 *(.debug_loc)

.debug_macinfo
 *(.debug_macinfo)
OUTPUT(CarStaticDesign.elf elf32-avr)
LOAD linker stubs
