Archive member included because of file (symbol)

c:/users/memo1/onedrive/desktop/imt_sdk_win_64/winavr/bin/../lib/gcc/avr/4.3.3/avr5\libgcc.a(_mulsi3.o)
                              ./MCAL/PWM/PWM.o (__mulsi3)
c:/users/memo1/onedrive/desktop/imt_sdk_win_64/winavr/bin/../lib/gcc/avr/4.3.3/avr5\libgcc.a(_udivmodsi4.o)
                              ./MCAL/PWM/PWM.o (__udivmodsi4)
c:/users/memo1/onedrive/desktop/imt_sdk_win_64/winavr/bin/../lib/gcc/avr/4.3.3/avr5\libgcc.a(_exit.o)
                              c:/users/memo1/onedrive/desktop/imt_sdk_win_64/winavr/bin/../lib/gcc/avr/4.3.3/../../../../avr/lib/avr5/crtm32.o (exit)
c:/users/memo1/onedrive/desktop/imt_sdk_win_64/winavr/bin/../lib/gcc/avr/4.3.3/avr5\libgcc.a(_copy_data.o)
                              ./ECUAL/ICU/ICU.o (__do_copy_data)
c:/users/memo1/onedrive/desktop/imt_sdk_win_64/winavr/bin/../lib/gcc/avr/4.3.3/avr5\libgcc.a(_clear_bss.o)
                              ./MCAL/Timer/timer.o (__do_clear_bss)
c:/users/memo1/onedrive/desktop/imt_sdk_win_64/winavr/bin/../lib/gcc/avr/4.3.3/avr5\libgcc.a(_fixunssfsi.o)
                              ./char_lcd.o (__fixunssfsi)
c:/users/memo1/onedrive/desktop/imt_sdk_win_64/winavr/bin/../lib/gcc/avr/4.3.3/avr5\libgcc.a(_addsub_sf.o)
                              c:/users/memo1/onedrive/desktop/imt_sdk_win_64/winavr/bin/../lib/gcc/avr/4.3.3/avr5\libgcc.a(_fixunssfsi.o) (__subsf3)
c:/users/memo1/onedrive/desktop/imt_sdk_win_64/winavr/bin/../lib/gcc/avr/4.3.3/avr5\libgcc.a(_mul_sf.o)
                              ./char_lcd.o (__mulsf3)
c:/users/memo1/onedrive/desktop/imt_sdk_win_64/winavr/bin/../lib/gcc/avr/4.3.3/avr5\libgcc.a(_gt_sf.o)
                              ./char_lcd.o (__gtsf2)
c:/users/memo1/onedrive/desktop/imt_sdk_win_64/winavr/bin/../lib/gcc/avr/4.3.3/avr5\libgcc.a(_ge_sf.o)
                              c:/users/memo1/onedrive/desktop/imt_sdk_win_64/winavr/bin/../lib/gcc/avr/4.3.3/avr5\libgcc.a(_fixunssfsi.o) (__gesf2)
c:/users/memo1/onedrive/desktop/imt_sdk_win_64/winavr/bin/../lib/gcc/avr/4.3.3/avr5\libgcc.a(_lt_sf.o)
                              ./char_lcd.o (__ltsf2)
c:/users/memo1/onedrive/desktop/imt_sdk_win_64/winavr/bin/../lib/gcc/avr/4.3.3/avr5\libgcc.a(_sf_to_si.o)
                              c:/users/memo1/onedrive/desktop/imt_sdk_win_64/winavr/bin/../lib/gcc/avr/4.3.3/avr5\libgcc.a(_fixunssfsi.o) (__fixsfsi)
c:/users/memo1/onedrive/desktop/imt_sdk_win_64/winavr/bin/../lib/gcc/avr/4.3.3/avr5\libgcc.a(_thenan_sf.o)
                              c:/users/memo1/onedrive/desktop/imt_sdk_win_64/winavr/bin/../lib/gcc/avr/4.3.3/avr5\libgcc.a(_addsub_sf.o) (__thenan_sf)
c:/users/memo1/onedrive/desktop/imt_sdk_win_64/winavr/bin/../lib/gcc/avr/4.3.3/avr5\libgcc.a(_prologue.o)
                              c:/users/memo1/onedrive/desktop/imt_sdk_win_64/winavr/bin/../lib/gcc/avr/4.3.3/avr5\libgcc.a(_addsub_sf.o) (__prologue_saves__)
c:/users/memo1/onedrive/desktop/imt_sdk_win_64/winavr/bin/../lib/gcc/avr/4.3.3/avr5\libgcc.a(_epilogue.o)
                              c:/users/memo1/onedrive/desktop/imt_sdk_win_64/winavr/bin/../lib/gcc/avr/4.3.3/avr5\libgcc.a(_addsub_sf.o) (__epilogue_restores__)
c:/users/memo1/onedrive/desktop/imt_sdk_win_64/winavr/bin/../lib/gcc/avr/4.3.3/avr5\libgcc.a(_pack_sf.o)
                              c:/users/memo1/onedrive/desktop/imt_sdk_win_64/winavr/bin/../lib/gcc/avr/4.3.3/avr5\libgcc.a(_addsub_sf.o) (__pack_f)
c:/users/memo1/onedrive/desktop/imt_sdk_win_64/winavr/bin/../lib/gcc/avr/4.3.3/avr5\libgcc.a(_unpack_sf.o)
                              c:/users/memo1/onedrive/desktop/imt_sdk_win_64/winavr/bin/../lib/gcc/avr/4.3.3/avr5\libgcc.a(_addsub_sf.o) (__unpack_f)
c:/users/memo1/onedrive/desktop/imt_sdk_win_64/winavr/bin/../lib/gcc/avr/4.3.3/avr5\libgcc.a(_fpcmp_parts_sf.o)
                              c:/users/memo1/onedrive/desktop/imt_sdk_win_64/winavr/bin/../lib/gcc/avr/4.3.3/avr5\libgcc.a(_gt_sf.o) (__fpcmp_parts_f)
c:/users/memo1/onedrive/desktop/imt_sdk_win_64/winavr/bin/../lib/gcc/avr/4.3.3/../../../../avr/lib/avr5\libc.a(memcpy.o)
                              ./main.o (memcpy)
c:/users/memo1/onedrive/desktop/imt_sdk_win_64/winavr/bin/../lib/gcc/avr/4.3.3/../../../../avr/lib/avr5\libc.a(sprintf.o)
                              ./main.o (sprintf)
c:/users/memo1/onedrive/desktop/imt_sdk_win_64/winavr/bin/../lib/gcc/avr/4.3.3/../../../../avr/lib/avr5\libc.a(vfprintf_std.o)
                              c:/users/memo1/onedrive/desktop/imt_sdk_win_64/winavr/bin/../lib/gcc/avr/4.3.3/../../../../avr/lib/avr5\libc.a(sprintf.o) (vfprintf)
c:/users/memo1/onedrive/desktop/imt_sdk_win_64/winavr/bin/../lib/gcc/avr/4.3.3/../../../../avr/lib/avr5\libc.a(strnlen_P.o)
                              c:/users/memo1/onedrive/desktop/imt_sdk_win_64/winavr/bin/../lib/gcc/avr/4.3.3/../../../../avr/lib/avr5\libc.a(vfprintf_std.o) (strnlen_P)
c:/users/memo1/onedrive/desktop/imt_sdk_win_64/winavr/bin/../lib/gcc/avr/4.3.3/../../../../avr/lib/avr5\libc.a(strnlen.o)
                              c:/users/memo1/onedrive/desktop/imt_sdk_win_64/winavr/bin/../lib/gcc/avr/4.3.3/../../../../avr/lib/avr5\libc.a(vfprintf_std.o) (strnlen)
c:/users/memo1/onedrive/desktop/imt_sdk_win_64/winavr/bin/../lib/gcc/avr/4.3.3/../../../../avr/lib/avr5\libc.a(fputc.o)
                              c:/users/memo1/onedrive/desktop/imt_sdk_win_64/winavr/bin/../lib/gcc/avr/4.3.3/../../../../avr/lib/avr5\libc.a(vfprintf_std.o) (fputc)
c:/users/memo1/onedrive/desktop/imt_sdk_win_64/winavr/bin/../lib/gcc/avr/4.3.3/../../../../avr/lib/avr5\libc.a(ultoa_invert.o)
                              c:/users/memo1/onedrive/desktop/imt_sdk_win_64/winavr/bin/../lib/gcc/avr/4.3.3/../../../../avr/lib/avr5\libc.a(vfprintf_std.o) (__ultoa_invert)

Allocating common symbols
Common symbol       size              file

au8_lcdBuffer       0x10              ./main.o
MOTOR_init          0x3               ./ECUAL/Motors/motor.o

Memory Configuration

Name             Origin             Length             Attributes
text             0x00000000         0x00020000         xr
data             0x00800060         0x0000ffa0         rw !x
eeprom           0x00810000         0x00010000         rw !x
fuse             0x00820000         0x00000400         rw !x
lock             0x00830000         0x00000400         rw !x
signature        0x00840000         0x00000400         rw !x
*default*        0x00000000         0xffffffff

Linker script and memory map

LOAD c:/users/memo1/onedrive/desktop/imt_sdk_win_64/winavr/bin/../lib/gcc/avr/4.3.3/../../../../avr/lib/avr5/crtm32.o
LOAD ./MCAL/Timer/timer.o
LOAD ./MCAL/SPI/spi.o
LOAD ./MCAL/PWM/PWM.o
LOAD ./MCAL/ExternalInterrupt/ExternalInterrupt.o
LOAD ./MCAL/DIO1/Dio1.o
LOAD ./ECUAL/UltraSonic/Us.o
LOAD ./ECUAL/Motors/motor.o
LOAD ./ECUAL/ICU/ICU.o
LOAD ./APP/Sterring/Steering.o
LOAD ./APP/Car_Sm/car_sm.o
LOAD ./char_lcd.o
LOAD ./main.o
LOAD c:/users/memo1/onedrive/desktop/imt_sdk_win_64/winavr/bin/../lib/gcc/avr/4.3.3/avr5\libgcc.a
LOAD c:/users/memo1/onedrive/desktop/imt_sdk_win_64/winavr/bin/../lib/gcc/avr/4.3.3/../../../../avr/lib/avr5\libc.a
LOAD c:/users/memo1/onedrive/desktop/imt_sdk_win_64/winavr/bin/../lib/gcc/avr/4.3.3/avr5\libgcc.a

.hash
 *(.hash)

.dynsym
 *(.dynsym)

.dynstr
 *(.dynstr)

.gnu.version
 *(.gnu.version)

.gnu.version_d
 *(.gnu.version_d)

.gnu.version_r
 *(.gnu.version_r)

.rel.init
 *(.rel.init)

.rela.init
 *(.rela.init)

.rel.text
 *(.rel.text)
 *(.rel.text.*)
 *(.rel.gnu.linkonce.t*)

.rela.text
 *(.rela.text)
 *(.rela.text.*)
 *(.rela.gnu.linkonce.t*)

.rel.fini
 *(.rel.fini)

.rela.fini
 *(.rela.fini)

.rel.rodata
 *(.rel.rodata)
 *(.rel.rodata.*)
 *(.rel.gnu.linkonce.r*)

.rela.rodata
 *(.rela.rodata)
 *(.rela.rodata.*)
 *(.rela.gnu.linkonce.r*)

.rel.data
 *(.rel.data)
 *(.rel.data.*)
 *(.rel.gnu.linkonce.d*)

.rela.data
 *(.rela.data)
 *(.rela.data.*)
 *(.rela.gnu.linkonce.d*)

.rel.ctors
 *(.rel.ctors)

.rela.ctors
 *(.rela.ctors)

.rel.dtors
 *(.rel.dtors)

.rela.dtors
 *(.rela.dtors)

.rel.got
 *(.rel.got)

.rela.got
 *(.rela.got)

.rel.bss
 *(.rel.bss)

.rela.bss
 *(.rela.bss)

.rel.plt
 *(.rel.plt)

.rela.plt
 *(.rela.plt)

.text           0x00000000     0x3fca
 *(.vectors)
 .vectors       0x00000000       0x54 c:/users/memo1/onedrive/desktop/imt_sdk_win_64/winavr/bin/../lib/gcc/avr/4.3.3/../../../../avr/lib/avr5/crtm32.o
                0x00000000                __vectors
                0x00000000                __vector_default
 *(.vectors)
 *(.progmem.gcc*)
 *(.progmem*)
                0x00000054                . = ALIGN (0x2)
                0x00000054                __trampolines_start = .
 *(.trampolines)
 .trampolines   0x00000054        0x0 linker stubs
 *(.trampolines*)
                0x00000054                __trampolines_end = .
 *(.jumptables)
 *(.jumptables*)
 *(.lowtext)
 *(.lowtext*)
                0x00000054                __ctors_start = .
 *(.ctors)
                0x00000054                __ctors_end = .
                0x00000054                __dtors_start = .
 *(.dtors)
                0x00000054                __dtors_end = .
 SORT(*)(.ctors)
 SORT(*)(.dtors)
 *(.init0)
 .init0         0x00000054        0x0 c:/users/memo1/onedrive/desktop/imt_sdk_win_64/winavr/bin/../lib/gcc/avr/4.3.3/../../../../avr/lib/avr5/crtm32.o
                0x00000054                __init
 *(.init0)
 *(.init1)
 *(.init1)
 *(.init2)
 .init2         0x00000054        0xc c:/users/memo1/onedrive/desktop/imt_sdk_win_64/winavr/bin/../lib/gcc/avr/4.3.3/../../../../avr/lib/avr5/crtm32.o
 *(.init2)
 *(.init3)
 *(.init3)
 *(.init4)
 .init4         0x00000060       0x16 c:/users/memo1/onedrive/desktop/imt_sdk_win_64/winavr/bin/../lib/gcc/avr/4.3.3/avr5\libgcc.a(_copy_data.o)
                0x00000060                __do_copy_data
 .init4         0x00000076       0x10 c:/users/memo1/onedrive/desktop/imt_sdk_win_64/winavr/bin/../lib/gcc/avr/4.3.3/avr5\libgcc.a(_clear_bss.o)
                0x00000076                __do_clear_bss
 *(.init4)
 *(.init5)
 *(.init5)
 *(.init6)
 *(.init6)
 *(.init7)
 *(.init7)
 *(.init8)
 *(.init8)
 *(.init9)
 .init9         0x00000086        0x8 c:/users/memo1/onedrive/desktop/imt_sdk_win_64/winavr/bin/../lib/gcc/avr/4.3.3/../../../../avr/lib/avr5/crtm32.o
 *(.init9)
 *(.text)
 .text          0x0000008e        0x4 c:/users/memo1/onedrive/desktop/imt_sdk_win_64/winavr/bin/../lib/gcc/avr/4.3.3/../../../../avr/lib/avr5/crtm32.o
                0x0000008e                __vector_12
                0x0000008e                __bad_interrupt
                0x0000008e                __vector_6
                0x0000008e                __vector_13
                0x0000008e                __vector_17
                0x0000008e                __vector_19
                0x0000008e                __vector_7
                0x0000008e                __vector_4
                0x0000008e                __vector_15
                0x0000008e                __vector_8
                0x0000008e                __vector_14
                0x0000008e                __vector_10
                0x0000008e                __vector_16
                0x0000008e                __vector_18
                0x0000008e                __vector_20
 .text          0x00000092        0x0 ./MCAL/Timer/timer.o
 .text          0x00000092        0x0 ./MCAL/SPI/spi.o
 .text          0x00000092        0x0 ./MCAL/PWM/PWM.o
 .text          0x00000092        0x0 ./MCAL/ExternalInterrupt/ExternalInterrupt.o
 .text          0x00000092        0x0 ./MCAL/DIO1/Dio1.o
 .text          0x00000092        0x0 ./ECUAL/UltraSonic/Us.o
 .text          0x00000092        0x0 ./ECUAL/Motors/motor.o
 .text          0x00000092        0x0 ./ECUAL/ICU/ICU.o
 .text          0x00000092        0x0 ./APP/Sterring/Steering.o
 .text          0x00000092        0x0 ./APP/Car_Sm/car_sm.o
 .text          0x00000092        0x0 ./char_lcd.o
 .text          0x00000092        0x0 ./main.o
 .text          0x00000092        0x0 c:/users/memo1/onedrive/desktop/imt_sdk_win_64/winavr/bin/../lib/gcc/avr/4.3.3/avr5\libgcc.a(_mulsi3.o)
 .text          0x00000092        0x0 c:/users/memo1/onedrive/desktop/imt_sdk_win_64/winavr/bin/../lib/gcc/avr/4.3.3/avr5\libgcc.a(_udivmodsi4.o)
 .text          0x00000092        0x0 c:/users/memo1/onedrive/desktop/imt_sdk_win_64/winavr/bin/../lib/gcc/avr/4.3.3/avr5\libgcc.a(_exit.o)
 .text          0x00000092        0x0 c:/users/memo1/onedrive/desktop/imt_sdk_win_64/winavr/bin/../lib/gcc/avr/4.3.3/avr5\libgcc.a(_copy_data.o)
 .text          0x00000092        0x0 c:/users/memo1/onedrive/desktop/imt_sdk_win_64/winavr/bin/../lib/gcc/avr/4.3.3/avr5\libgcc.a(_clear_bss.o)
 .text          0x00000092       0x58 c:/users/memo1/onedrive/desktop/imt_sdk_win_64/winavr/bin/../lib/gcc/avr/4.3.3/avr5\libgcc.a(_fixunssfsi.o)
                0x00000092                __fixunssfsi
 .text          0x000000ea      0x354 c:/users/memo1/onedrive/desktop/imt_sdk_win_64/winavr/bin/../lib/gcc/avr/4.3.3/avr5\libgcc.a(_addsub_sf.o)
                0x00000382                __subsf3
                0x000003e4                __addsf3
 .text          0x0000043e      0x1f4 c:/users/memo1/onedrive/desktop/imt_sdk_win_64/winavr/bin/../lib/gcc/avr/4.3.3/avr5\libgcc.a(_mul_sf.o)
                0x0000043e                __mulsf3
 .text          0x00000632       0x60 c:/users/memo1/onedrive/desktop/imt_sdk_win_64/winavr/bin/../lib/gcc/avr/4.3.3/avr5\libgcc.a(_gt_sf.o)
                0x00000632                __gtsf2
 .text          0x00000692       0x60 c:/users/memo1/onedrive/desktop/imt_sdk_win_64/winavr/bin/../lib/gcc/avr/4.3.3/avr5\libgcc.a(_ge_sf.o)
                0x00000692                __gesf2
 .text          0x000006f2       0x60 c:/users/memo1/onedrive/desktop/imt_sdk_win_64/winavr/bin/../lib/gcc/avr/4.3.3/avr5\libgcc.a(_lt_sf.o)
                0x000006f2                __ltsf2
 .text          0x00000752       0xa8 c:/users/memo1/onedrive/desktop/imt_sdk_win_64/winavr/bin/../lib/gcc/avr/4.3.3/avr5\libgcc.a(_sf_to_si.o)
                0x00000752                __fixsfsi
 .text          0x000007fa        0x0 c:/users/memo1/onedrive/desktop/imt_sdk_win_64/winavr/bin/../lib/gcc/avr/4.3.3/avr5\libgcc.a(_thenan_sf.o)
 .text          0x000007fa        0x0 c:/users/memo1/onedrive/desktop/imt_sdk_win_64/winavr/bin/../lib/gcc/avr/4.3.3/avr5\libgcc.a(_prologue.o)
 .text          0x000007fa        0x0 c:/users/memo1/onedrive/desktop/imt_sdk_win_64/winavr/bin/../lib/gcc/avr/4.3.3/avr5\libgcc.a(_epilogue.o)
 .text          0x000007fa      0x1aa c:/users/memo1/onedrive/desktop/imt_sdk_win_64/winavr/bin/../lib/gcc/avr/4.3.3/avr5\libgcc.a(_pack_sf.o)
                0x000007fa                __pack_f
 .text          0x000009a4       0xf0 c:/users/memo1/onedrive/desktop/imt_sdk_win_64/winavr/bin/../lib/gcc/avr/4.3.3/avr5\libgcc.a(_unpack_sf.o)
                0x000009a4                __unpack_f
 .text          0x00000a94       0xb2 c:/users/memo1/onedrive/desktop/imt_sdk_win_64/winavr/bin/../lib/gcc/avr/4.3.3/avr5\libgcc.a(_fpcmp_parts_sf.o)
                0x00000a94                __fpcmp_parts_f
 .text          0x00000b46        0x0 c:/users/memo1/onedrive/desktop/imt_sdk_win_64/winavr/bin/../lib/gcc/avr/4.3.3/../../../../avr/lib/avr5\libc.a(memcpy.o)
 .text          0x00000b46        0x0 c:/users/memo1/onedrive/desktop/imt_sdk_win_64/winavr/bin/../lib/gcc/avr/4.3.3/../../../../avr/lib/avr5\libc.a(sprintf.o)
 .text          0x00000b46        0x0 c:/users/memo1/onedrive/desktop/imt_sdk_win_64/winavr/bin/../lib/gcc/avr/4.3.3/../../../../avr/lib/avr5\libc.a(vfprintf_std.o)
 .text          0x00000b46        0x0 c:/users/memo1/onedrive/desktop/imt_sdk_win_64/winavr/bin/../lib/gcc/avr/4.3.3/../../../../avr/lib/avr5\libc.a(strnlen_P.o)
 .text          0x00000b46        0x0 c:/users/memo1/onedrive/desktop/imt_sdk_win_64/winavr/bin/../lib/gcc/avr/4.3.3/../../../../avr/lib/avr5\libc.a(strnlen.o)
 .text          0x00000b46        0x0 c:/users/memo1/onedrive/desktop/imt_sdk_win_64/winavr/bin/../lib/gcc/avr/4.3.3/../../../../avr/lib/avr5\libc.a(fputc.o)
 .text          0x00000b46        0x0 c:/users/memo1/onedrive/desktop/imt_sdk_win_64/winavr/bin/../lib/gcc/avr/4.3.3/../../../../avr/lib/avr5\libc.a(ultoa_invert.o)
                0x00000b46                . = ALIGN (0x2)
 *(.text.*)
 .text.__vector_11
                0x00000b46       0x66 ./MCAL/Timer/timer.o
                0x00000b46                __vector_11
 .text.__vector_9
                0x00000bac       0x66 ./MCAL/Timer/timer.o
                0x00000bac                __vector_9
 .text.__vector_5
                0x00000c12       0x66 ./MCAL/Timer/timer.o
                0x00000c12                __vector_5
 .text.Timer_Init
                0x00000c78      0x24e ./MCAL/Timer/timer.o
                0x00000c78                Timer_Init
 .text.Timer_Start
                0x00000ec6      0x154 ./MCAL/Timer/timer.o
                0x00000ec6                Timer_Start
 .text.Timer_Stop
                0x0000101a       0xc2 ./MCAL/Timer/timer.o
                0x0000101a                Timer_Stop
 .text.Timer_GetStatus
                0x000010dc       0xea ./MCAL/Timer/timer.o
                0x000010dc                Timer_GetStatus
 .text.Timer_GetValue
                0x000011c6       0x90 ./MCAL/Timer/timer.o
                0x000011c6                Timer_GetValue
 .text.SPI_Init
                0x00001256      0x3f6 ./MCAL/SPI/spi.o
                0x00001256                SPI_Init
 .text.SPI_SendByte
                0x0000164c       0x3a ./MCAL/SPI/spi.o
                0x0000164c                SPI_SendByte
 .text.SPI_ReceiveByte
                0x00001686       0x42 ./MCAL/SPI/spi.o
                0x00001686                SPI_ReceiveByte
 .text.Pwm_Init
                0x000016c8      0x218 ./MCAL/PWM/PWM.o
                0x000016c8                Pwm_Init
 .text.Pwm_Start
                0x000018e0      0x304 ./MCAL/PWM/PWM.o
                0x000018e0                Pwm_Start
 .text.Pwm_Update
                0x00001be4      0x2e2 ./MCAL/PWM/PWM.o
                0x00001be4                Pwm_Update
 .text.Pwm_Stop
                0x00001ec6       0x1c ./MCAL/PWM/PWM.o
                0x00001ec6                Pwm_Stop
 .text.ExternInt_Init
                0x00001ee2       0xd6 ./MCAL/ExternalInterrupt/ExternalInterrupt.o
                0x00001ee2                ExternInt_Init
 .text.ExternInt_SetEvent
                0x00001fb8       0x9a ./MCAL/ExternalInterrupt/ExternalInterrupt.o
                0x00001fb8                ExternInt_SetEvent
 .text.ExternInt_GetStatus
                0x00002052       0x7e ./MCAL/ExternalInterrupt/ExternalInterrupt.o
                0x00002052                ExternInt_GetStatus
 .text.ExternInt_Enable
                0x000020d0       0x62 ./MCAL/ExternalInterrupt/ExternalInterrupt.o
                0x000020d0                ExternInt_Enable
 .text.ExternInt_Disable
                0x00002132       0x62 ./MCAL/ExternalInterrupt/ExternalInterrupt.o
                0x00002132                ExternInt_Disable
 .text.__vector_1
                0x00002194       0x66 ./MCAL/ExternalInterrupt/ExternalInterrupt.o
                0x00002194                __vector_1
 .text.__vector_2
                0x000021fa       0x66 ./MCAL/ExternalInterrupt/ExternalInterrupt.o
                0x000021fa                __vector_2
 .text.__vector_3
                0x00002260       0x66 ./MCAL/ExternalInterrupt/ExternalInterrupt.o
                0x00002260                __vector_3
 .text.DIO_init
                0x000022c6      0x196 ./MCAL/DIO1/Dio1.o
                0x000022c6                DIO_init
 .text.DIO_Write
                0x0000245c      0x168 ./MCAL/DIO1/Dio1.o
                0x0000245c                DIO_Write
 .text.DIO_Read
                0x000025c4       0xbe ./MCAL/DIO1/Dio1.o
                0x000025c4                DIO_Read
 .text.DIO_Toggle
                0x00002682       0xa4 ./MCAL/DIO1/Dio1.o
                0x00002682                DIO_Toggle
 .text.Us_Init  0x00002726       0x40 ./ECUAL/UltraSonic/Us.o
                0x00002726                Us_Init
 .text.Us_Trigger
                0x00002766       0x40 ./ECUAL/UltraSonic/Us.o
                0x00002766                Us_Trigger
 .text.Us_GetDistance
                0x000027a6       0x5e ./ECUAL/UltraSonic/Us.o
                0x000027a6                Us_GetDistance
 .text.Motor_Init
                0x00002804       0xa0 ./ECUAL/Motors/motor.o
                0x00002804                Motor_Init
 .text.Motor_Direction
                0x000028a4       0xf8 ./ECUAL/Motors/motor.o
                0x000028a4                Motor_Direction
 .text.Motor_Start
                0x0000299c       0x70 ./ECUAL/Motors/motor.o
                0x0000299c                Motor_Start
 .text.Motor_SpeedUpdate
                0x00002a0c       0x70 ./ECUAL/Motors/motor.o
                0x00002a0c                Motor_SpeedUpdate
 .text.Motor_Stop
                0x00002a7c       0x72 ./ECUAL/Motors/motor.o
                0x00002a7c                Motor_Stop
 .text.Motor_GetStatus
                0x00002aee       0x62 ./ECUAL/Motors/motor.o
                0x00002aee                Motor_GetStatus
 .text.Icu_TimerOverFlows_Callback_Func
                0x00002b50       0x20 ./ECUAL/ICU/ICU.o
                0x00002b50                Icu_TimerOverFlows_Callback_Func
 .text.Icu_EdgeToEdge_Callback_Func
                0x00002b70       0x86 ./ECUAL/ICU/ICU.o
                0x00002b70                Icu_EdgeToEdge_Callback_Func
 .text.Icu_Init
                0x00002bf6       0x80 ./ECUAL/ICU/ICU.o
                0x00002bf6                Icu_Init
 .text.Icu_RiseToFall
                0x00002c76       0x2e ./ECUAL/ICU/ICU.o
                0x00002c76                Icu_RiseToFall
 .text.Icu_FallToRise
                0x00002ca4       0x1a ./ECUAL/ICU/ICU.o
                0x00002ca4                Icu_FallToRise
 .text.Icu_RiseToRise
                0x00002cbe       0x1a ./ECUAL/ICU/ICU.o
                0x00002cbe                Icu_RiseToRise
 .text.Steering_Init
                0x00002cd8       0x2c ./APP/Sterring/Steering.o
                0x00002cd8                Steering_Init
 .text.Steering_SteerCar
                0x00002d04      0x106 ./APP/Sterring/Steering.o
                0x00002d04                Steering_SteerCar
 .text.Car_SM_Init
                0x00002e0a       0x42 ./APP/Car_Sm/car_sm.o
                0x00002e0a                Car_SM_Init
 .text.Car_SM_Update
                0x00002e4c       0xee ./APP/Car_Sm/car_sm.o
                0x00002e4c                Car_SM_Update
 .text.LCD_EN_pulse
                0x00002f3a      0x202 ./char_lcd.o
                0x00002f3a                LCD_EN_pulse
 .text.LCD_config_pins
                0x0000313c       0x8e ./char_lcd.o
                0x0000313c                LCD_config_pins
 .text.LCD_send_nibble
                0x000031ca       0xc6 ./char_lcd.o
                0x000031ca                LCD_send_nibble
 .text.LCD_send_char
                0x00003290      0x12e ./char_lcd.o
                0x00003290                LCD_send_char
 .text.LCD_send_command
                0x000033be      0x12e ./char_lcd.o
                0x000033be                LCD_send_command
 .text.LCD_init
                0x000034ec      0x21c ./char_lcd.o
                0x000034ec                LCD_init
 .text.LCD_clear
                0x00003708       0x14 ./char_lcd.o
                0x00003708                LCD_clear
 .text.LCD_send_string
                0x0000371c       0x3a ./char_lcd.o
                0x0000371c                LCD_send_string
 .text.LCD_goto_xy
                0x00003756       0x8a ./char_lcd.o
                0x00003756                LCD_goto_xy
 .text.main     0x000037e0      0x1a2 ./main.o
                0x000037e0                main
 .text.libgcc   0x00003982       0x3e c:/users/memo1/onedrive/desktop/imt_sdk_win_64/winavr/bin/../lib/gcc/avr/4.3.3/avr5\libgcc.a(_mulsi3.o)
                0x00003982                __mulsi3
 .text.libgcc   0x000039c0       0x44 c:/users/memo1/onedrive/desktop/imt_sdk_win_64/winavr/bin/../lib/gcc/avr/4.3.3/avr5\libgcc.a(_udivmodsi4.o)
                0x000039c0                __udivmodsi4
 .text.libgcc   0x00003a04        0x0 c:/users/memo1/onedrive/desktop/imt_sdk_win_64/winavr/bin/../lib/gcc/avr/4.3.3/avr5\libgcc.a(_exit.o)
 .text.libgcc   0x00003a04        0x0 c:/users/memo1/onedrive/desktop/imt_sdk_win_64/winavr/bin/../lib/gcc/avr/4.3.3/avr5\libgcc.a(_copy_data.o)
 .text.libgcc   0x00003a04        0x0 c:/users/memo1/onedrive/desktop/imt_sdk_win_64/winavr/bin/../lib/gcc/avr/4.3.3/avr5\libgcc.a(_clear_bss.o)
 .text.libgcc   0x00003a04       0x38 c:/users/memo1/onedrive/desktop/imt_sdk_win_64/winavr/bin/../lib/gcc/avr/4.3.3/avr5\libgcc.a(_prologue.o)
                0x00003a04                __prologue_saves__
 .text.libgcc   0x00003a3c       0x36 c:/users/memo1/onedrive/desktop/imt_sdk_win_64/winavr/bin/../lib/gcc/avr/4.3.3/avr5\libgcc.a(_epilogue.o)
                0x00003a3c                __epilogue_restores__
 .text.avr-libc
                0x00003a72       0x12 c:/users/memo1/onedrive/desktop/imt_sdk_win_64/winavr/bin/../lib/gcc/avr/4.3.3/../../../../avr/lib/avr5\libc.a(memcpy.o)
                0x00003a72                memcpy
 .text.avr-libc
                0x00003a84       0x48 c:/users/memo1/onedrive/desktop/imt_sdk_win_64/winavr/bin/../lib/gcc/avr/4.3.3/../../../../avr/lib/avr5\libc.a(sprintf.o)
                0x00003a84                sprintf
 .text.avr-libc
                0x00003acc      0x3ba c:/users/memo1/onedrive/desktop/imt_sdk_win_64/winavr/bin/../lib/gcc/avr/4.3.3/../../../../avr/lib/avr5\libc.a(vfprintf_std.o)
                0x00003acc                vfprintf
 .text.avr-libc
                0x00003e86       0x16 c:/users/memo1/onedrive/desktop/imt_sdk_win_64/winavr/bin/../lib/gcc/avr/4.3.3/../../../../avr/lib/avr5\libc.a(strnlen_P.o)
                0x00003e86                strnlen_P
 .text.avr-libc
                0x00003e9c       0x16 c:/users/memo1/onedrive/desktop/imt_sdk_win_64/winavr/bin/../lib/gcc/avr/4.3.3/../../../../avr/lib/avr5\libc.a(strnlen.o)
                0x00003e9c                strnlen
 .text.avr-libc
                0x00003eb2       0x58 c:/users/memo1/onedrive/desktop/imt_sdk_win_64/winavr/bin/../lib/gcc/avr/4.3.3/../../../../avr/lib/avr5\libc.a(fputc.o)
                0x00003eb2                fputc
 .text.avr-libc
                0x00003f0a       0xbc c:/users/memo1/onedrive/desktop/imt_sdk_win_64/winavr/bin/../lib/gcc/avr/4.3.3/../../../../avr/lib/avr5\libc.a(ultoa_invert.o)
                0x00003f0a                __ultoa_invert
                0x00003fc6                . = ALIGN (0x2)
 *(.fini9)
 .fini9         0x00003fc6        0x0 c:/users/memo1/onedrive/desktop/imt_sdk_win_64/winavr/bin/../lib/gcc/avr/4.3.3/avr5\libgcc.a(_exit.o)
                0x00003fc6                exit
                0x00003fc6                _exit
 *(.fini9)
 *(.fini8)
 *(.fini8)
 *(.fini7)
 *(.fini7)
 *(.fini6)
 *(.fini6)
 *(.fini5)
 *(.fini5)
 *(.fini4)
 *(.fini4)
 *(.fini3)
 *(.fini3)
 *(.fini2)
 *(.fini2)
 *(.fini1)
 *(.fini1)
 *(.fini0)
 .fini0         0x00003fc6        0x4 c:/users/memo1/onedrive/desktop/imt_sdk_win_64/winavr/bin/../lib/gcc/avr/4.3.3/avr5\libgcc.a(_exit.o)
 *(.fini0)
                0x00003fca                _etext = .

.data           0x00800060       0x16 load address 0x00003fca
                0x00800060                PROVIDE (__data_start, .)
 *(.data)
 .data          0x00800060        0x0 c:/users/memo1/onedrive/desktop/imt_sdk_win_64/winavr/bin/../lib/gcc/avr/4.3.3/../../../../avr/lib/avr5/crtm32.o
 .data          0x00800060        0x0 ./MCAL/Timer/timer.o
 .data          0x00800060        0x0 ./MCAL/SPI/spi.o
 .data          0x00800060        0x0 ./MCAL/PWM/PWM.o
 .data          0x00800060        0x0 ./MCAL/ExternalInterrupt/ExternalInterrupt.o
 .data          0x00800060        0x0 ./MCAL/DIO1/Dio1.o
 .data          0x00800060        0x0 ./ECUAL/UltraSonic/Us.o
 .data          0x00800060        0x0 ./ECUAL/Motors/motor.o
 .data          0x00800060        0x0 ./ECUAL/ICU/ICU.o
 .data          0x00800060        0x0 ./APP/Sterring/Steering.o
 .data          0x00800060        0x0 ./APP/Car_Sm/car_sm.o
 .data          0x00800060        0x0 ./char_lcd.o
 .data          0x00800060        0xd ./main.o
 .data          0x0080006d        0x0 c:/users/memo1/onedrive/desktop/imt_sdk_win_64/winavr/bin/../lib/gcc/avr/4.3.3/avr5\libgcc.a(_mulsi3.o)
 .data          0x0080006d        0x0 c:/users/memo1/onedrive/desktop/imt_sdk_win_64/winavr/bin/../lib/gcc/avr/4.3.3/avr5\libgcc.a(_udivmodsi4.o)
 .data          0x0080006d        0x0 c:/users/memo1/onedrive/desktop/imt_sdk_win_64/winavr/bin/../lib/gcc/avr/4.3.3/avr5\libgcc.a(_exit.o)
 .data          0x0080006d        0x0 c:/users/memo1/onedrive/desktop/imt_sdk_win_64/winavr/bin/../lib/gcc/avr/4.3.3/avr5\libgcc.a(_copy_data.o)
 .data          0x0080006d        0x0 c:/users/memo1/onedrive/desktop/imt_sdk_win_64/winavr/bin/../lib/gcc/avr/4.3.3/avr5\libgcc.a(_clear_bss.o)
 .data          0x0080006d        0x0 c:/users/memo1/onedrive/desktop/imt_sdk_win_64/winavr/bin/../lib/gcc/avr/4.3.3/avr5\libgcc.a(_fixunssfsi.o)
 .data          0x0080006d        0x0 c:/users/memo1/onedrive/desktop/imt_sdk_win_64/winavr/bin/../lib/gcc/avr/4.3.3/avr5\libgcc.a(_addsub_sf.o)
 .data          0x0080006d        0x0 c:/users/memo1/onedrive/desktop/imt_sdk_win_64/winavr/bin/../lib/gcc/avr/4.3.3/avr5\libgcc.a(_mul_sf.o)
 .data          0x0080006d        0x0 c:/users/memo1/onedrive/desktop/imt_sdk_win_64/winavr/bin/../lib/gcc/avr/4.3.3/avr5\libgcc.a(_gt_sf.o)
 .data          0x0080006d        0x0 c:/users/memo1/onedrive/desktop/imt_sdk_win_64/winavr/bin/../lib/gcc/avr/4.3.3/avr5\libgcc.a(_ge_sf.o)
 .data          0x0080006d        0x0 c:/users/memo1/onedrive/desktop/imt_sdk_win_64/winavr/bin/../lib/gcc/avr/4.3.3/avr5\libgcc.a(_lt_sf.o)
 .data          0x0080006d        0x0 c:/users/memo1/onedrive/desktop/imt_sdk_win_64/winavr/bin/../lib/gcc/avr/4.3.3/avr5\libgcc.a(_sf_to_si.o)
 .data          0x0080006d        0x8 c:/users/memo1/onedrive/desktop/imt_sdk_win_64/winavr/bin/../lib/gcc/avr/4.3.3/avr5\libgcc.a(_thenan_sf.o)
                0x0080006d                __thenan_sf
 .data          0x00800075        0x0 c:/users/memo1/onedrive/desktop/imt_sdk_win_64/winavr/bin/../lib/gcc/avr/4.3.3/avr5\libgcc.a(_prologue.o)
 .data          0x00800075        0x0 c:/users/memo1/onedrive/desktop/imt_sdk_win_64/winavr/bin/../lib/gcc/avr/4.3.3/avr5\libgcc.a(_epilogue.o)
 .data          0x00800075        0x0 c:/users/memo1/onedrive/desktop/imt_sdk_win_64/winavr/bin/../lib/gcc/avr/4.3.3/avr5\libgcc.a(_pack_sf.o)
 .data          0x00800075        0x0 c:/users/memo1/onedrive/desktop/imt_sdk_win_64/winavr/bin/../lib/gcc/avr/4.3.3/avr5\libgcc.a(_unpack_sf.o)
 .data          0x00800075        0x0 c:/users/memo1/onedrive/desktop/imt_sdk_win_64/winavr/bin/../lib/gcc/avr/4.3.3/avr5\libgcc.a(_fpcmp_parts_sf.o)
 .data          0x00800075        0x0 c:/users/memo1/onedrive/desktop/imt_sdk_win_64/winavr/bin/../lib/gcc/avr/4.3.3/../../../../avr/lib/avr5\libc.a(memcpy.o)
 .data          0x00800075        0x0 c:/users/memo1/onedrive/desktop/imt_sdk_win_64/winavr/bin/../lib/gcc/avr/4.3.3/../../../../avr/lib/avr5\libc.a(sprintf.o)
 .data          0x00800075        0x0 c:/users/memo1/onedrive/desktop/imt_sdk_win_64/winavr/bin/../lib/gcc/avr/4.3.3/../../../../avr/lib/avr5\libc.a(vfprintf_std.o)
 .data          0x00800075        0x0 c:/users/memo1/onedrive/desktop/imt_sdk_win_64/winavr/bin/../lib/gcc/avr/4.3.3/../../../../avr/lib/avr5\libc.a(strnlen_P.o)
 .data          0x00800075        0x0 c:/users/memo1/onedrive/desktop/imt_sdk_win_64/winavr/bin/../lib/gcc/avr/4.3.3/../../../../avr/lib/avr5\libc.a(strnlen.o)
 .data          0x00800075        0x0 c:/users/memo1/onedrive/desktop/imt_sdk_win_64/winavr/bin/../lib/gcc/avr/4.3.3/../../../../avr/lib/avr5\libc.a(fputc.o)
 .data          0x00800075        0x0 c:/users/memo1/onedrive/desktop/imt_sdk_win_64/winavr/bin/../lib/gcc/avr/4.3.3/../../../../avr/lib/avr5\libc.a(ultoa_invert.o)
 *(.data*)
 .data.gEdge_Flag
                0x00800075        0x1 ./ECUAL/ICU/ICU.o
 *(.rodata)
 *(.rodata*)
 *(.gnu.linkonce.d*)
                0x00800076                . = ALIGN (0x2)
                0x00800076                _edata = .
                0x00800076                PROVIDE (__data_end, .)

.bss            0x00800076       0x52
                0x00800076                PROVIDE (__bss_start, .)
 *(.bss)
 .bss           0x00800076        0x0 c:/users/memo1/onedrive/desktop/imt_sdk_win_64/winavr/bin/../lib/gcc/avr/4.3.3/../../../../avr/lib/avr5/crtm32.o
 .bss           0x00800076        0x0 ./MCAL/Timer/timer.o
 .bss           0x00800076        0x0 ./MCAL/SPI/spi.o
 .bss           0x00800076        0x0 ./MCAL/PWM/PWM.o
 .bss           0x00800076        0x0 ./MCAL/ExternalInterrupt/ExternalInterrupt.o
 .bss           0x00800076        0x0 ./MCAL/DIO1/Dio1.o
 .bss           0x00800076        0x0 ./ECUAL/UltraSonic/Us.o
 .bss           0x00800076        0x0 ./ECUAL/Motors/motor.o
 .bss           0x00800076        0x0 ./ECUAL/ICU/ICU.o
 .bss           0x00800076        0x0 ./APP/Sterring/Steering.o
 .bss           0x00800076        0x0 ./APP/Car_Sm/car_sm.o
 .bss           0x00800076        0x0 ./char_lcd.o
 .bss           0x00800076        0x0 ./main.o
 .bss           0x00800076        0x0 c:/users/memo1/onedrive/desktop/imt_sdk_win_64/winavr/bin/../lib/gcc/avr/4.3.3/avr5\libgcc.a(_mulsi3.o)
 .bss           0x00800076        0x0 c:/users/memo1/onedrive/desktop/imt_sdk_win_64/winavr/bin/../lib/gcc/avr/4.3.3/avr5\libgcc.a(_udivmodsi4.o)
 .bss           0x00800076        0x0 c:/users/memo1/onedrive/desktop/imt_sdk_win_64/winavr/bin/../lib/gcc/avr/4.3.3/avr5\libgcc.a(_exit.o)
 .bss           0x00800076        0x0 c:/users/memo1/onedrive/desktop/imt_sdk_win_64/winavr/bin/../lib/gcc/avr/4.3.3/avr5\libgcc.a(_copy_data.o)
 .bss           0x00800076        0x0 c:/users/memo1/onedrive/desktop/imt_sdk_win_64/winavr/bin/../lib/gcc/avr/4.3.3/avr5\libgcc.a(_clear_bss.o)
 .bss           0x00800076        0x0 c:/users/memo1/onedrive/desktop/imt_sdk_win_64/winavr/bin/../lib/gcc/avr/4.3.3/avr5\libgcc.a(_fixunssfsi.o)
 .bss           0x00800076        0x0 c:/users/memo1/onedrive/desktop/imt_sdk_win_64/winavr/bin/../lib/gcc/avr/4.3.3/avr5\libgcc.a(_addsub_sf.o)
 .bss           0x00800076        0x0 c:/users/memo1/onedrive/desktop/imt_sdk_win_64/winavr/bin/../lib/gcc/avr/4.3.3/avr5\libgcc.a(_mul_sf.o)
 .bss           0x00800076        0x0 c:/users/memo1/onedrive/desktop/imt_sdk_win_64/winavr/bin/../lib/gcc/avr/4.3.3/avr5\libgcc.a(_gt_sf.o)
 .bss           0x00800076        0x0 c:/users/memo1/onedrive/desktop/imt_sdk_win_64/winavr/bin/../lib/gcc/avr/4.3.3/avr5\libgcc.a(_ge_sf.o)
 .bss           0x00800076        0x0 c:/users/memo1/onedrive/desktop/imt_sdk_win_64/winavr/bin/../lib/gcc/avr/4.3.3/avr5\libgcc.a(_lt_sf.o)
 .bss           0x00800076        0x0 c:/users/memo1/onedrive/desktop/imt_sdk_win_64/winavr/bin/../lib/gcc/avr/4.3.3/avr5\libgcc.a(_sf_to_si.o)
 .bss           0x00800076        0x0 c:/users/memo1/onedrive/desktop/imt_sdk_win_64/winavr/bin/../lib/gcc/avr/4.3.3/avr5\libgcc.a(_thenan_sf.o)
 .bss           0x00800076        0x0 c:/users/memo1/onedrive/desktop/imt_sdk_win_64/winavr/bin/../lib/gcc/avr/4.3.3/avr5\libgcc.a(_prologue.o)
 .bss           0x00800076        0x0 c:/users/memo1/onedrive/desktop/imt_sdk_win_64/winavr/bin/../lib/gcc/avr/4.3.3/avr5\libgcc.a(_epilogue.o)
 .bss           0x00800076        0x0 c:/users/memo1/onedrive/desktop/imt_sdk_win_64/winavr/bin/../lib/gcc/avr/4.3.3/avr5\libgcc.a(_pack_sf.o)
 .bss           0x00800076        0x0 c:/users/memo1/onedrive/desktop/imt_sdk_win_64/winavr/bin/../lib/gcc/avr/4.3.3/avr5\libgcc.a(_unpack_sf.o)
 .bss           0x00800076        0x0 c:/users/memo1/onedrive/desktop/imt_sdk_win_64/winavr/bin/../lib/gcc/avr/4.3.3/avr5\libgcc.a(_fpcmp_parts_sf.o)
 .bss           0x00800076        0x0 c:/users/memo1/onedrive/desktop/imt_sdk_win_64/winavr/bin/../lib/gcc/avr/4.3.3/../../../../avr/lib/avr5\libc.a(memcpy.o)
 .bss           0x00800076        0x0 c:/users/memo1/onedrive/desktop/imt_sdk_win_64/winavr/bin/../lib/gcc/avr/4.3.3/../../../../avr/lib/avr5\libc.a(sprintf.o)
 .bss           0x00800076        0x0 c:/users/memo1/onedrive/desktop/imt_sdk_win_64/winavr/bin/../lib/gcc/avr/4.3.3/../../../../avr/lib/avr5\libc.a(vfprintf_std.o)
 .bss           0x00800076        0x0 c:/users/memo1/onedrive/desktop/imt_sdk_win_64/winavr/bin/../lib/gcc/avr/4.3.3/../../../../avr/lib/avr5\libc.a(strnlen_P.o)
 .bss           0x00800076        0x0 c:/users/memo1/onedrive/desktop/imt_sdk_win_64/winavr/bin/../lib/gcc/avr/4.3.3/../../../../avr/lib/avr5\libc.a(strnlen.o)
 .bss           0x00800076        0x0 c:/users/memo1/onedrive/desktop/imt_sdk_win_64/winavr/bin/../lib/gcc/avr/4.3.3/../../../../avr/lib/avr5\libc.a(fputc.o)
 .bss           0x00800076        0x0 c:/users/memo1/onedrive/desktop/imt_sdk_win_64/winavr/bin/../lib/gcc/avr/4.3.3/../../../../avr/lib/avr5\libc.a(ultoa_invert.o)
 *(.bss*)
 .bss.gau8_TimerInitialized
                0x00800076        0x3 ./MCAL/Timer/timer.o
                0x00800076                gau8_TimerInitialized
 .bss.TimersOverflow_CBF
                0x00800079        0x6 ./MCAL/Timer/timer.o
                0x00800079                TimersOverflow_CBF
 .bss.gau8_TimerPreScaler
                0x0080007f        0x3 ./MCAL/Timer/timer.o
 .bss.gau8_CounterType
                0x00800082        0x2 ./MCAL/Timer/timer.o
 .bss.SPI_INIT_Status
                0x00800084        0x1 ./MCAL/SPI/spi.o
 .bss.SPI_Send_Status
                0x00800085        0x1 ./MCAL/SPI/spi.o
 .bss.gu8_PWM1_PreScaller
                0x00800086        0x1 ./MCAL/PWM/PWM.o
 .bss.gu8_PWM1_PreScaller_Value
                0x00800087        0x4 ./MCAL/PWM/PWM.o
 .bss.gu8_PWM1_CH1A_DutyCycle
                0x0080008b        0x4 ./MCAL/PWM/PWM.o
 .bss.gu8_PWM1_CH1B_DutyCycle
                0x0080008f        0x4 ./MCAL/PWM/PWM.o
 .bss.gu8_PWM1_CH1A_Frequency
                0x00800093        0x4 ./MCAL/PWM/PWM.o
 .bss.gu8_PWM1_CH1B_Frequency
                0x00800097        0x4 ./MCAL/PWM/PWM.o
 .bss.gu8_PWM1_CHAB_DutyCycle
                0x0080009b        0x4 ./MCAL/PWM/PWM.o
 .bss.gu8_PWM1_CHAB_Frequency
                0x0080009f        0x4 ./MCAL/PWM/PWM.o
 .bss.ExtInt_CBK_Ptr
                0x008000a3        0x6 ./MCAL/ExternalInterrupt/ExternalInterrupt.o
 .bss.gu8_MOTOR1_CheckFor_Init
                0x008000a9        0x1 ./ECUAL/Motors/motor.o
 .bss.gu8_MOTOR2_CheckFor_Init
                0x008000aa        0x1 ./ECUAL/Motors/motor.o
 .bss.gOVF_Counts
                0x008000ab        0x2 ./ECUAL/ICU/ICU.o
 .bss.gTimer_Counts
                0x008000ad        0x2 ./ECUAL/ICU/ICU.o
 .bss.Ready_To_Send_Flag
                0x008000af        0x1 ./ECUAL/ICU/ICU.o
 .bss.g_Car_State
                0x008000b0        0x1 ./APP/Car_Sm/car_sm.o
 .bss.g_Us_Reading
                0x008000b1        0x2 ./APP/Car_Sm/car_sm.o
 .bss.xx        0x008000b3        0x2 ./main.o
                0x008000b3                xx
 *(COMMON)
 COMMON         0x008000b5        0x3 ./ECUAL/Motors/motor.o
                0x008000b5                MOTOR_init
 COMMON         0x008000b8       0x10 ./main.o
                0x008000b8                au8_lcdBuffer
                0x008000c8                PROVIDE (__bss_end, .)
                0x00003fca                __data_load_start = LOADADDR (.data)
                0x00003fe0                __data_load_end = (__data_load_start + SIZEOF (.data))

.noinit         0x008000c8        0x0
                0x008000c8                PROVIDE (__noinit_start, .)
 *(.noinit*)
                0x008000c8                PROVIDE (__noinit_end, .)
                0x008000c8                _end = .
                0x008000c8                PROVIDE (__heap_start, .)

.eeprom         0x00810000        0x0
 *(.eeprom*)
                0x00810000                __eeprom_end = .

.fuse
 *(.fuse)
 *(.lfuse)
 *(.hfuse)
 *(.efuse)

.lock
 *(.lock*)

.signature
 *(.signature*)

.stab           0x00000000     0x3d14
 *(.stab)
 .stab          0x00000000      0x780 ./MCAL/Timer/timer.o
 .stab          0x00000780      0x4f8 ./MCAL/SPI/spi.o
                                0x5a0 (size before relaxing)
 .stab          0x00000c78      0x570 ./MCAL/PWM/PWM.o
                                0x618 (size before relaxing)
 .stab          0x000011e8      0x4f8 ./MCAL/ExternalInterrupt/ExternalInterrupt.o
                                0x5a0 (size before relaxing)
 .stab          0x000016e0      0x414 ./MCAL/DIO1/Dio1.o
                                0x4bc (size before relaxing)
 .stab          0x00001af4      0x324 ./ECUAL/UltraSonic/Us.o
                                0x3cc (size before relaxing)
 .stab          0x00001e18      0x594 ./ECUAL/Motors/motor.o
                                0x660 (size before relaxing)
 .stab          0x000023ac      0x420 ./ECUAL/ICU/ICU.o
                                0x510 (size before relaxing)
 .stab          0x000027cc      0x2b8 ./APP/Sterring/Steering.o
                                0x3cc (size before relaxing)
 .stab          0x00002a84      0x2dc ./APP/Car_Sm/car_sm.o
                                0x3f0 (size before relaxing)
 .stab          0x00002d60      0xc48 ./char_lcd.o
                                0xd14 (size before relaxing)
 .stab          0x000039a8      0x36c ./main.o
                                0x618 (size before relaxing)

.stabstr        0x00000000     0x1e6d
 *(.stabstr)
 .stabstr       0x00000000     0x1e6d ./MCAL/Timer/timer.o

.stab.excl
 *(.stab.excl)

.stab.exclstr
 *(.stab.exclstr)

.stab.index
 *(.stab.index)

.stab.indexstr
 *(.stab.indexstr)

.comment
 *(.comment)

.debug
 *(.debug)

.line
 *(.line)

.debug_srcinfo
 *(.debug_srcinfo)

.debug_sfnames
 *(.debug_sfnames)

.debug_aranges  0x00000000      0x140
 *(.debug_aranges)
 .debug_aranges
                0x00000000       0x20 c:/users/memo1/onedrive/desktop/imt_sdk_win_64/winavr/bin/../lib/gcc/avr/4.3.3/avr5\libgcc.a(_fixunssfsi.o)
 .debug_aranges
                0x00000020       0x20 c:/users/memo1/onedrive/desktop/imt_sdk_win_64/winavr/bin/../lib/gcc/avr/4.3.3/avr5\libgcc.a(_addsub_sf.o)
 .debug_aranges
                0x00000040       0x20 c:/users/memo1/onedrive/desktop/imt_sdk_win_64/winavr/bin/../lib/gcc/avr/4.3.3/avr5\libgcc.a(_mul_sf.o)
 .debug_aranges
                0x00000060       0x20 c:/users/memo1/onedrive/desktop/imt_sdk_win_64/winavr/bin/../lib/gcc/avr/4.3.3/avr5\libgcc.a(_gt_sf.o)
 .debug_aranges
                0x00000080       0x20 c:/users/memo1/onedrive/desktop/imt_sdk_win_64/winavr/bin/../lib/gcc/avr/4.3.3/avr5\libgcc.a(_ge_sf.o)
 .debug_aranges
                0x000000a0       0x20 c:/users/memo1/onedrive/desktop/imt_sdk_win_64/winavr/bin/../lib/gcc/avr/4.3.3/avr5\libgcc.a(_lt_sf.o)
 .debug_aranges
                0x000000c0       0x20 c:/users/memo1/onedrive/desktop/imt_sdk_win_64/winavr/bin/../lib/gcc/avr/4.3.3/avr5\libgcc.a(_sf_to_si.o)
 .debug_aranges
                0x000000e0       0x20 c:/users/memo1/onedrive/desktop/imt_sdk_win_64/winavr/bin/../lib/gcc/avr/4.3.3/avr5\libgcc.a(_pack_sf.o)
 .debug_aranges
                0x00000100       0x20 c:/users/memo1/onedrive/desktop/imt_sdk_win_64/winavr/bin/../lib/gcc/avr/4.3.3/avr5\libgcc.a(_unpack_sf.o)
 .debug_aranges
                0x00000120       0x20 c:/users/memo1/onedrive/desktop/imt_sdk_win_64/winavr/bin/../lib/gcc/avr/4.3.3/avr5\libgcc.a(_fpcmp_parts_sf.o)

.debug_pubnames
                0x00000000      0x170
 *(.debug_pubnames)
 .debug_pubnames
                0x00000000       0x23 c:/users/memo1/onedrive/desktop/imt_sdk_win_64/winavr/bin/../lib/gcc/avr/4.3.3/avr5\libgcc.a(_fixunssfsi.o)
 .debug_pubnames
                0x00000023       0x2c c:/users/memo1/onedrive/desktop/imt_sdk_win_64/winavr/bin/../lib/gcc/avr/4.3.3/avr5\libgcc.a(_addsub_sf.o)
 .debug_pubnames
                0x0000004f       0x1f c:/users/memo1/onedrive/desktop/imt_sdk_win_64/winavr/bin/../lib/gcc/avr/4.3.3/avr5\libgcc.a(_mul_sf.o)
 .debug_pubnames
                0x0000006e       0x1e c:/users/memo1/onedrive/desktop/imt_sdk_win_64/winavr/bin/../lib/gcc/avr/4.3.3/avr5\libgcc.a(_gt_sf.o)
 .debug_pubnames
                0x0000008c       0x1e c:/users/memo1/onedrive/desktop/imt_sdk_win_64/winavr/bin/../lib/gcc/avr/4.3.3/avr5\libgcc.a(_ge_sf.o)
 .debug_pubnames
                0x000000aa       0x1e c:/users/memo1/onedrive/desktop/imt_sdk_win_64/winavr/bin/../lib/gcc/avr/4.3.3/avr5\libgcc.a(_lt_sf.o)
 .debug_pubnames
                0x000000c8       0x20 c:/users/memo1/onedrive/desktop/imt_sdk_win_64/winavr/bin/../lib/gcc/avr/4.3.3/avr5\libgcc.a(_sf_to_si.o)
 .debug_pubnames
                0x000000e8       0x22 c:/users/memo1/onedrive/desktop/imt_sdk_win_64/winavr/bin/../lib/gcc/avr/4.3.3/avr5\libgcc.a(_thenan_sf.o)
 .debug_pubnames
                0x0000010a       0x1f c:/users/memo1/onedrive/desktop/imt_sdk_win_64/winavr/bin/../lib/gcc/avr/4.3.3/avr5\libgcc.a(_pack_sf.o)
 .debug_pubnames
                0x00000129       0x21 c:/users/memo1/onedrive/desktop/imt_sdk_win_64/winavr/bin/../lib/gcc/avr/4.3.3/avr5\libgcc.a(_unpack_sf.o)
 .debug_pubnames
                0x0000014a       0x26 c:/users/memo1/onedrive/desktop/imt_sdk_win_64/winavr/bin/../lib/gcc/avr/4.3.3/avr5\libgcc.a(_fpcmp_parts_sf.o)

.debug_info     0x00000000     0x1c49
 *(.debug_info)
 .debug_info    0x00000000       0xb1 c:/users/memo1/onedrive/desktop/imt_sdk_win_64/winavr/bin/../lib/gcc/avr/4.3.3/avr5\libgcc.a(_fixunssfsi.o)
 .debug_info    0x000000b1      0x47a c:/users/memo1/onedrive/desktop/imt_sdk_win_64/winavr/bin/../lib/gcc/avr/4.3.3/avr5\libgcc.a(_addsub_sf.o)
 .debug_info    0x0000052b      0x485 c:/users/memo1/onedrive/desktop/imt_sdk_win_64/winavr/bin/../lib/gcc/avr/4.3.3/avr5\libgcc.a(_mul_sf.o)
 .debug_info    0x000009b0      0x27f c:/users/memo1/onedrive/desktop/imt_sdk_win_64/winavr/bin/../lib/gcc/avr/4.3.3/avr5\libgcc.a(_gt_sf.o)
 .debug_info    0x00000c2f      0x27f c:/users/memo1/onedrive/desktop/imt_sdk_win_64/winavr/bin/../lib/gcc/avr/4.3.3/avr5\libgcc.a(_ge_sf.o)
 .debug_info    0x00000eae      0x27f c:/users/memo1/onedrive/desktop/imt_sdk_win_64/winavr/bin/../lib/gcc/avr/4.3.3/avr5\libgcc.a(_lt_sf.o)
 .debug_info    0x0000112d      0x2b0 c:/users/memo1/onedrive/desktop/imt_sdk_win_64/winavr/bin/../lib/gcc/avr/4.3.3/avr5\libgcc.a(_sf_to_si.o)
 .debug_info    0x000013dd      0x12c c:/users/memo1/onedrive/desktop/imt_sdk_win_64/winavr/bin/../lib/gcc/avr/4.3.3/avr5\libgcc.a(_thenan_sf.o)
 .debug_info    0x00001509      0x2df c:/users/memo1/onedrive/desktop/imt_sdk_win_64/winavr/bin/../lib/gcc/avr/4.3.3/avr5\libgcc.a(_pack_sf.o)
 .debug_info    0x000017e8      0x251 c:/users/memo1/onedrive/desktop/imt_sdk_win_64/winavr/bin/../lib/gcc/avr/4.3.3/avr5\libgcc.a(_unpack_sf.o)
 .debug_info    0x00001a39      0x210 c:/users/memo1/onedrive/desktop/imt_sdk_win_64/winavr/bin/../lib/gcc/avr/4.3.3/avr5\libgcc.a(_fpcmp_parts_sf.o)
 *(.gnu.linkonce.wi.*)

.debug_abbrev   0x00000000      0xeeb
 *(.debug_abbrev)
 .debug_abbrev  0x00000000       0x5d c:/users/memo1/onedrive/desktop/imt_sdk_win_64/winavr/bin/../lib/gcc/avr/4.3.3/avr5\libgcc.a(_fixunssfsi.o)
 .debug_abbrev  0x0000005d      0x1ea c:/users/memo1/onedrive/desktop/imt_sdk_win_64/winavr/bin/../lib/gcc/avr/4.3.3/avr5\libgcc.a(_addsub_sf.o)
 .debug_abbrev  0x00000247      0x21b c:/users/memo1/onedrive/desktop/imt_sdk_win_64/winavr/bin/../lib/gcc/avr/4.3.3/avr5\libgcc.a(_mul_sf.o)
 .debug_abbrev  0x00000462      0x15a c:/users/memo1/onedrive/desktop/imt_sdk_win_64/winavr/bin/../lib/gcc/avr/4.3.3/avr5\libgcc.a(_gt_sf.o)
 .debug_abbrev  0x000005bc      0x15a c:/users/memo1/onedrive/desktop/imt_sdk_win_64/winavr/bin/../lib/gcc/avr/4.3.3/avr5\libgcc.a(_ge_sf.o)
 .debug_abbrev  0x00000716      0x15a c:/users/memo1/onedrive/desktop/imt_sdk_win_64/winavr/bin/../lib/gcc/avr/4.3.3/avr5\libgcc.a(_lt_sf.o)
 .debug_abbrev  0x00000870      0x17f c:/users/memo1/onedrive/desktop/imt_sdk_win_64/winavr/bin/../lib/gcc/avr/4.3.3/avr5\libgcc.a(_sf_to_si.o)
 .debug_abbrev  0x000009ef       0xad c:/users/memo1/onedrive/desktop/imt_sdk_win_64/winavr/bin/../lib/gcc/avr/4.3.3/avr5\libgcc.a(_thenan_sf.o)
 .debug_abbrev  0x00000a9c      0x1c0 c:/users/memo1/onedrive/desktop/imt_sdk_win_64/winavr/bin/../lib/gcc/avr/4.3.3/avr5\libgcc.a(_pack_sf.o)
 .debug_abbrev  0x00000c5c      0x154 c:/users/memo1/onedrive/desktop/imt_sdk_win_64/winavr/bin/../lib/gcc/avr/4.3.3/avr5\libgcc.a(_unpack_sf.o)
 .debug_abbrev  0x00000db0      0x13b c:/users/memo1/onedrive/desktop/imt_sdk_win_64/winavr/bin/../lib/gcc/avr/4.3.3/avr5\libgcc.a(_fpcmp_parts_sf.o)

.debug_line     0x00000000      0xdad
 *(.debug_line)
 .debug_line    0x00000000       0xa7 c:/users/memo1/onedrive/desktop/imt_sdk_win_64/winavr/bin/../lib/gcc/avr/4.3.3/avr5\libgcc.a(_fixunssfsi.o)
 .debug_line    0x000000a7      0x2af c:/users/memo1/onedrive/desktop/imt_sdk_win_64/winavr/bin/../lib/gcc/avr/4.3.3/avr5\libgcc.a(_addsub_sf.o)
 .debug_line    0x00000356      0x239 c:/users/memo1/onedrive/desktop/imt_sdk_win_64/winavr/bin/../lib/gcc/avr/4.3.3/avr5\libgcc.a(_mul_sf.o)
 .debug_line    0x0000058f       0xd3 c:/users/memo1/onedrive/desktop/imt_sdk_win_64/winavr/bin/../lib/gcc/avr/4.3.3/avr5\libgcc.a(_gt_sf.o)
 .debug_line    0x00000662       0xd3 c:/users/memo1/onedrive/desktop/imt_sdk_win_64/winavr/bin/../lib/gcc/avr/4.3.3/avr5\libgcc.a(_ge_sf.o)
 .debug_line    0x00000735       0xd3 c:/users/memo1/onedrive/desktop/imt_sdk_win_64/winavr/bin/../lib/gcc/avr/4.3.3/avr5\libgcc.a(_lt_sf.o)
 .debug_line    0x00000808      0x109 c:/users/memo1/onedrive/desktop/imt_sdk_win_64/winavr/bin/../lib/gcc/avr/4.3.3/avr5\libgcc.a(_sf_to_si.o)
 .debug_line    0x00000911       0x90 c:/users/memo1/onedrive/desktop/imt_sdk_win_64/winavr/bin/../lib/gcc/avr/4.3.3/avr5\libgcc.a(_thenan_sf.o)
 .debug_line    0x000009a1      0x18a c:/users/memo1/onedrive/desktop/imt_sdk_win_64/winavr/bin/../lib/gcc/avr/4.3.3/avr5\libgcc.a(_pack_sf.o)
 .debug_line    0x00000b2b      0x14b c:/users/memo1/onedrive/desktop/imt_sdk_win_64/winavr/bin/../lib/gcc/avr/4.3.3/avr5\libgcc.a(_unpack_sf.o)
 .debug_line    0x00000c76      0x137 c:/users/memo1/onedrive/desktop/imt_sdk_win_64/winavr/bin/../lib/gcc/avr/4.3.3/avr5\libgcc.a(_fpcmp_parts_sf.o)

.debug_frame    0x00000000      0x160
 *(.debug_frame)
 .debug_frame   0x00000000       0x20 c:/users/memo1/onedrive/desktop/imt_sdk_win_64/winavr/bin/../lib/gcc/avr/4.3.3/avr5\libgcc.a(_fixunssfsi.o)
 .debug_frame   0x00000020       0x40 c:/users/memo1/onedrive/desktop/imt_sdk_win_64/winavr/bin/../lib/gcc/avr/4.3.3/avr5\libgcc.a(_addsub_sf.o)
 .debug_frame   0x00000060       0x20 c:/users/memo1/onedrive/desktop/imt_sdk_win_64/winavr/bin/../lib/gcc/avr/4.3.3/avr5\libgcc.a(_mul_sf.o)
 .debug_frame   0x00000080       0x20 c:/users/memo1/onedrive/desktop/imt_sdk_win_64/winavr/bin/../lib/gcc/avr/4.3.3/avr5\libgcc.a(_gt_sf.o)
 .debug_frame   0x000000a0       0x20 c:/users/memo1/onedrive/desktop/imt_sdk_win_64/winavr/bin/../lib/gcc/avr/4.3.3/avr5\libgcc.a(_ge_sf.o)
 .debug_frame   0x000000c0       0x20 c:/users/memo1/onedrive/desktop/imt_sdk_win_64/winavr/bin/../lib/gcc/avr/4.3.3/avr5\libgcc.a(_lt_sf.o)
 .debug_frame   0x000000e0       0x20 c:/users/memo1/onedrive/desktop/imt_sdk_win_64/winavr/bin/../lib/gcc/avr/4.3.3/avr5\libgcc.a(_sf_to_si.o)
 .debug_frame   0x00000100       0x20 c:/users/memo1/onedrive/desktop/imt_sdk_win_64/winavr/bin/../lib/gcc/avr/4.3.3/avr5\libgcc.a(_pack_sf.o)
 .debug_frame   0x00000120       0x20 c:/users/memo1/onedrive/desktop/imt_sdk_win_64/winavr/bin/../lib/gcc/avr/4.3.3/avr5\libgcc.a(_unpack_sf.o)
 .debug_frame   0x00000140       0x20 c:/users/memo1/onedrive/desktop/imt_sdk_win_64/winavr/bin/../lib/gcc/avr/4.3.3/avr5\libgcc.a(_fpcmp_parts_sf.o)

.debug_str      0x00000000      0x28d
 *(.debug_str)
 .debug_str     0x00000000       0xbf c:/users/memo1/onedrive/desktop/imt_sdk_win_64/winavr/bin/../lib/gcc/avr/4.3.3/avr5\libgcc.a(_fixunssfsi.o)
                                 0xfe (size before relaxing)
 .debug_str     0x000000bf      0x14d c:/users/memo1/onedrive/desktop/imt_sdk_win_64/winavr/bin/../lib/gcc/avr/4.3.3/avr5\libgcc.a(_addsub_sf.o)
                                0x206 (size before relaxing)
 .debug_str     0x0000020c       0x27 c:/users/memo1/onedrive/desktop/imt_sdk_win_64/winavr/bin/../lib/gcc/avr/4.3.3/avr5\libgcc.a(_mul_sf.o)
                                0x1bf (size before relaxing)
 .debug_str     0x00000233        0xf c:/users/memo1/onedrive/desktop/imt_sdk_win_64/winavr/bin/../lib/gcc/avr/4.3.3/avr5\libgcc.a(_gt_sf.o)
                                0x195 (size before relaxing)
 .debug_str     0x00000242        0x8 c:/users/memo1/onedrive/desktop/imt_sdk_win_64/winavr/bin/../lib/gcc/avr/4.3.3/avr5\libgcc.a(_ge_sf.o)
                                0x195 (size before relaxing)
 .debug_str     0x0000024a        0x8 c:/users/memo1/onedrive/desktop/imt_sdk_win_64/winavr/bin/../lib/gcc/avr/4.3.3/avr5\libgcc.a(_lt_sf.o)
                                0x195 (size before relaxing)
 .debug_str     0x00000252        0xa c:/users/memo1/onedrive/desktop/imt_sdk_win_64/winavr/bin/../lib/gcc/avr/4.3.3/avr5\libgcc.a(_sf_to_si.o)
                                0x19e (size before relaxing)
 .debug_str     0x00000000      0x103 c:/users/memo1/onedrive/desktop/imt_sdk_win_64/winavr/bin/../lib/gcc/avr/4.3.3/avr5\libgcc.a(_thenan_sf.o)
 .debug_str     0x0000025c       0x16 c:/users/memo1/onedrive/desktop/imt_sdk_win_64/winavr/bin/../lib/gcc/avr/4.3.3/avr5\libgcc.a(_pack_sf.o)
                                0x19d (size before relaxing)
 .debug_str     0x00000272        0xb c:/users/memo1/onedrive/desktop/imt_sdk_win_64/winavr/bin/../lib/gcc/avr/4.3.3/avr5\libgcc.a(_unpack_sf.o)
                                0x17f (size before relaxing)
 .debug_str     0x0000027d       0x10 c:/users/memo1/onedrive/desktop/imt_sdk_win_64/winavr/bin/../lib/gcc/avr/4.3.3/avr5\libgcc.a(_fpcmp_parts_sf.o)
                                0x163 (size before relaxing)

.debug_loc      0x00000000      0x7ce
 *(.debug_loc)
 .debug_loc     0x00000000       0x34 c:/users/memo1/onedrive/desktop/imt_sdk_win_64/winavr/bin/../lib/gcc/avr/4.3.3/avr5\libgcc.a(_fixunssfsi.o)
 .debug_loc     0x00000034      0x32a c:/users/memo1/onedrive/desktop/imt_sdk_win_64/winavr/bin/../lib/gcc/avr/4.3.3/avr5\libgcc.a(_addsub_sf.o)
 .debug_loc     0x0000035e      0x104 c:/users/memo1/onedrive/desktop/imt_sdk_win_64/winavr/bin/../lib/gcc/avr/4.3.3/avr5\libgcc.a(_mul_sf.o)
 .debug_loc     0x00000462       0x3c c:/users/memo1/onedrive/desktop/imt_sdk_win_64/winavr/bin/../lib/gcc/avr/4.3.3/avr5\libgcc.a(_gt_sf.o)
 .debug_loc     0x0000049e       0x3c c:/users/memo1/onedrive/desktop/imt_sdk_win_64/winavr/bin/../lib/gcc/avr/4.3.3/avr5\libgcc.a(_ge_sf.o)
 .debug_loc     0x000004da       0x3c c:/users/memo1/onedrive/desktop/imt_sdk_win_64/winavr/bin/../lib/gcc/avr/4.3.3/avr5\libgcc.a(_lt_sf.o)
 .debug_loc     0x00000516       0x7e c:/users/memo1/onedrive/desktop/imt_sdk_win_64/winavr/bin/../lib/gcc/avr/4.3.3/avr5\libgcc.a(_sf_to_si.o)
 .debug_loc     0x00000594      0x13e c:/users/memo1/onedrive/desktop/imt_sdk_win_64/winavr/bin/../lib/gcc/avr/4.3.3/avr5\libgcc.a(_pack_sf.o)
 .debug_loc     0x000006d2       0xac c:/users/memo1/onedrive/desktop/imt_sdk_win_64/winavr/bin/../lib/gcc/avr/4.3.3/avr5\libgcc.a(_unpack_sf.o)
 .debug_loc     0x0000077e       0x50 c:/users/memo1/onedrive/desktop/imt_sdk_win_64/winavr/bin/../lib/gcc/avr/4.3.3/avr5\libgcc.a(_fpcmp_parts_sf.o)

.debug_macinfo
 *(.debug_macinfo)
OUTPUT(DIO.elf elf32-avr)
LOAD linker stubs

.debug_ranges   0x00000000       0x50
 .debug_ranges  0x00000000       0x50 c:/users/memo1/onedrive/desktop/imt_sdk_win_64/winavr/bin/../lib/gcc/avr/4.3.3/avr5\libgcc.a(_mul_sf.o)
